src/lib/ai/orchestrator.ts(296,71): error TS2339: Property 'function' does not exist on type 'ChatCompletionMessageToolCall'.
  Property 'function' does not exist on type 'ChatCompletionMessageCustomToolCall'.
src/lib/ai/orchestrator.ts(298,54): error TS2339: Property 'function' does not exist on type 'ChatCompletionMessageToolCall'.
  Property 'function' does not exist on type 'ChatCompletionMessageCustomToolCall'.
src/lib/ai/orchestrator.ts(299,75): error TS2339: Property 'function' does not exist on type 'ChatCompletionMessageToolCall'.
  Property 'function' does not exist on type 'ChatCompletionMessageCustomToolCall'.
src/lib/ai/orchestrator.ts(310,44): error TS2339: Property 'function' does not exist on type 'ChatCompletionMessageToolCall'.
  Property 'function' does not exist on type 'ChatCompletionMessageCustomToolCall'.
src/lib/ai/orchestrator.ts(318,44): error TS2339: Property 'function' does not exist on type 'ChatCompletionMessageToolCall'.
  Property 'function' does not exist on type 'ChatCompletionMessageCustomToolCall'.
