
[1m[46m RUN [49m[22m [36mv4.0.18 [39m[90mC:/Users/USER/Desktop/meu-servidor-whatsapp/crm-whats[39m

 [31mÔØ»[39m src/lib/ai/heuristics.test.ts [2m([22m[2m11 tests[22m[2m | [22m[31m1 failed[39m[2m)[22m[32m 30[2mms[22m[39m
     [32mÔ£ô[39m should correctly handle empty cart meta[32m 4[2mms[22m[39m
     [32mÔ£ô[39m should recommend offering principal product for empty cart[32m 1[2mms[22m[39m
     [32mÔ£ô[39m should derive 'saudacao' state for empty cart with greeting intent[32m 0[2mms[22m[39m
       [32mÔ£ô[39m should correctly detect principal product[32m 1[2mms[22m[39m
       [32mÔ£ô[39m should recommend offering additional product[32m 0[2mms[22m[39m
       [32mÔ£ô[39m should derive 'oferta_adicional' state[32m 0[2mms[22m[39m
       [32mÔ£ô[39m should recommend confirming payment[32m 2[2mms[22m[39m
       [32mÔ£ô[39m should derive 'coleta_pagamento' when phase is payment[32m 0[2mms[22m[39m
       [32mÔ£ô[39m should prioritize pending steps (e.g. location request)[32m 0[2mms[22m[39m
[31m       [31m├ù[31m should handle cart resumption signal[39m[32m 17[2mms[22m[39m
       [32mÔ£ô[39m should handle malformed cart data gracefully[32m 0[2mms[22m[39m
node.exe : 
No linha:1 
caractere:1
+ & "C:\Program File
s\nodejs/node.exe" 
"C:\Program Files\no
dejs/node_mo ...
+ ~~~~~~~~~~~~~~~~~~
~~~~~~~~~~~~~~~~~~~~
~~~~~~~~~~~~~~~~~~~~
~~~~~~~~~~~
    + CategoryInfo  
            : NotS  
  pecified: (:Str   
 ing) [], Remote    
Exception
    + FullyQualifie 
   dErrorId : Nati  
  veCommandError
 
[31mÔÄ»ÔÄ»ÔÄ»ÔÄ»ÔÄ»
ÔÄ»ÔÄ»[39m[1m[41m
 Failed Tests 1 [49
m[22m[31mÔÄ»ÔÄ»ÔÄ»
ÔÄ»ÔÄ»ÔÄ»ÔÄ»[39m

[41m[1m FAIL 
[22m[49m src/lib/a
i/heuristics.test.ts
[2m > [22mAI 
Heuristics[2m > 
[22mEdge Cases & 
Intent handling[2m 
> [22mshould 
handle cart 
resumption signal
[31m[1mAssertionEr
ror[22m: expected '
oferecer_produto_pri
ncipal' to be 'retom
ar_carrinho_e_conduz
ir_fechamento' // 
Object.is 
equality[39m

Expected: [32m"reto
mar_carrinho_e_condu
zir_fechamento"[39m
Received: [31m"ofer
ecer_produto_princip
al"[39m

[36m [2mÔØ»[22m s
rc/lib/ai/heuristics
.test.ts:[2m118:70
[22m[39m
    [90m116| [39m 
               resum
ptionSignal[33m:[3
9m [32m"retomada_ca
rrinho"[39m[33m,[
39m
    [90m117| [39m 
           
})[33m;[39m
    [90m118| [39m 
           expect(de
termineRecommendedCo
mmercialObjective(co
ntext)).tÔÇª
    [90m   | [39m 
                    
                    
                    
        [31m^[39m
    [90m119| [39m 
           expect(de
riveExplicitCommerci
alState(context)).to
Be("abandÔÇª
    [90m120| [39m 
       })[33m;[39m

[31m[2mÔÄ»ÔÄ»ÔÄ»ÔÄ
»ÔÄ»ÔÄ»ÔÄ»ÔÄ»ÔÄ»ÔÄ»Ô
Ä»ÔÄ»ÔÄ»ÔÄ»ÔÄ»ÔÄ»ÔÄ»
ÔÄ»ÔÄ»ÔÄ»ÔÄ»ÔÄ»ÔÄ»ÔÄ
»[1/1]ÔÄ»[22m[39m


[2m Test Files [22m [1m[31m1 failed[39m[22m[90m (1)[39m
[2m      Tests [22m [1m[31m1 failed[39m[22m[2m | [22m[1m[32m10 passed[39m[22m[90m (11)[39m
[2m   Start at [22m 22:58:54
[2m   Duration [22m 4.76s[2m (transform 135ms, setup 309ms, import 128ms, tests 30ms, environment 3.59s)[22m

